<!--[--><div class="bar svelte-ievf05">bar</div><!----> <div class="foo svelte-sg04hs">foo</div><!--]-->